// Jest Snapshot v1, https://goo.gl/fbAQLP

exports[`scrapeRoute matches snapshot for Behunin 1`] = `
{
  "AdditionalRisk": undefined,
  "Difficulty": "3b",
  "HasGeoJSON": true,
  "HasHTMLDescription": true,
  "KMLURL": "https://ropewiki.com/images/c/cb/Behunin_Canyon.kml",
  "Latitude": 37.2825,
  "Longitude": -112.9697,
  "Months": [
    "June",
    "July",
    "August",
    "September",
    "October",
    "November",
    "December",
  ],
  "Name": "Behunin Canyon",
  "Permits": "Permit required",
  "Popularity": undefined,
  "Quality": 3,
  "RappelCountMax": 9,
  "RappelCountMin": 9,
  "RappelLengthMax": 170,
  "Shuttle": "None",
  "Sports": [
    "canyoneering",
  ],
  "Time": "III",
  "URL": "https://ropewiki.com/Behunin_Canyon",
  "Vehicle": "Passenger",
}
`;

exports[`scrapeRoute matches snapshot for Cerebus 1`] = `
{
  "AdditionalRisk": undefined,
  "Difficulty": "4a",
  "HasGeoJSON": true,
  "HasHTMLDescription": true,
  "KMLURL": "https://ropewiki.com/images/2/2f/Cerberus_Canyon_%28North_Fork%29.kml",
  "Latitude": 36.2135,
  "Longitude": -116.7292,
  "Months": [
    "January",
    "Feburary",
    "March",
    "April",
    "November",
    "December",
  ],
  "Name": "Cerberus Canyon (North Fork)",
  "Permits": "No permit required",
  "Popularity": undefined,
  "Quality": 4,
  "RappelCountMax": 27,
  "RappelCountMin": 27,
  "RappelLengthMax": 270,
  "Shuttle": "Required 1 hour",
  "Sports": [
    "canyoneering",
  ],
  "Time": "IV",
  "URL": "https://ropewiki.com/Cerberus_Canyon_(North_Fork)",
  "Vehicle": "Passenger",
}
`;
